Archive member included to satisfy reference by file (symbol)

C:/ST/STM32CubeIDE_1.16.1/STM32CubeIDE/plugins/com.st.stm32cube.ide.mcu.externaltools.gnu-tools-for-stm32.12.3.rel1.win32_1.0.200.202406191623/tools/bin/../lib/gcc/arm-none-eabi/12.3.1/../../../../arm-none-eabi/lib/thumb/v7e-m+fp/hard\libc_nano.a(libc_a-exit.o)
                              C:/ST/STM32CubeIDE_1.16.1/STM32CubeIDE/plugins/com.st.stm32cube.ide.mcu.externaltools.gnu-tools-for-stm32.12.3.rel1.win32_1.0.200.202406191623/tools/bin/../lib/gcc/arm-none-eabi/12.3.1/../../../../arm-none-eabi/lib/thumb/v7e-m+fp/hard/crt0.o (exit)
C:/ST/STM32CubeIDE_1.16.1/STM32CubeIDE/plugins/com.st.stm32cube.ide.mcu.externaltools.gnu-tools-for-stm32.12.3.rel1.win32_1.0.200.202406191623/tools/bin/../lib/gcc/arm-none-eabi/12.3.1/../../../../arm-none-eabi/lib/thumb/v7e-m+fp/hard\libc_nano.a(libc_a-findfp.o)
                              C:/ST/STM32CubeIDE_1.16.1/STM32CubeIDE/plugins/com.st.stm32cube.ide.mcu.externaltools.gnu-tools-for-stm32.12.3.rel1.win32_1.0.200.202406191623/tools/bin/../lib/gcc/arm-none-eabi/12.3.1/../../../../arm-none-eabi/lib/thumb/v7e-m+fp/hard\libc_nano.a(libc_a-exit.o) (__stdio_exit_handler)
C:/ST/STM32CubeIDE_1.16.1/STM32CubeIDE/plugins/com.st.stm32cube.ide.mcu.externaltools.gnu-tools-for-stm32.12.3.rel1.win32_1.0.200.202406191623/tools/bin/../lib/gcc/arm-none-eabi/12.3.1/../../../../arm-none-eabi/lib/thumb/v7e-m+fp/hard\libc_nano.a(libc_a-fwalk.o)
                              C:/ST/STM32CubeIDE_1.16.1/STM32CubeIDE/plugins/com.st.stm32cube.ide.mcu.externaltools.gnu-tools-for-stm32.12.3.rel1.win32_1.0.200.202406191623/tools/bin/../lib/gcc/arm-none-eabi/12.3.1/../../../../arm-none-eabi/lib/thumb/v7e-m+fp/hard\libc_nano.a(libc_a-findfp.o) (_fwalk_sglue)
C:/ST/STM32CubeIDE_1.16.1/STM32CubeIDE/plugins/com.st.stm32cube.ide.mcu.externaltools.gnu-tools-for-stm32.12.3.rel1.win32_1.0.200.202406191623/tools/bin/../lib/gcc/arm-none-eabi/12.3.1/../../../../arm-none-eabi/lib/thumb/v7e-m+fp/hard\libc_nano.a(libc_a-stdio.o)
                              C:/ST/STM32CubeIDE_1.16.1/STM32CubeIDE/plugins/com.st.stm32cube.ide.mcu.externaltools.gnu-tools-for-stm32.12.3.rel1.win32_1.0.200.202406191623/tools/bin/../lib/gcc/arm-none-eabi/12.3.1/../../../../arm-none-eabi/lib/thumb/v7e-m+fp/hard\libc_nano.a(libc_a-findfp.o) (__sread)
C:/ST/STM32CubeIDE_1.16.1/STM32CubeIDE/plugins/com.st.stm32cube.ide.mcu.externaltools.gnu-tools-for-stm32.12.3.rel1.win32_1.0.200.202406191623/tools/bin/../lib/gcc/arm-none-eabi/12.3.1/../../../../arm-none-eabi/lib/thumb/v7e-m+fp/hard\libc_nano.a(libc_a-memset.o)
                              C:/ST/STM32CubeIDE_1.16.1/STM32CubeIDE/plugins/com.st.stm32cube.ide.mcu.externaltools.gnu-tools-for-stm32.12.3.rel1.win32_1.0.200.202406191623/tools/bin/../lib/gcc/arm-none-eabi/12.3.1/../../../../arm-none-eabi/lib/thumb/v7e-m+fp/hard/crt0.o (memset)
C:/ST/STM32CubeIDE_1.16.1/STM32CubeIDE/plugins/com.st.stm32cube.ide.mcu.externaltools.gnu-tools-for-stm32.12.3.rel1.win32_1.0.200.202406191623/tools/bin/../lib/gcc/arm-none-eabi/12.3.1/../../../../arm-none-eabi/lib/thumb/v7e-m+fp/hard\libc_nano.a(libc_a-closer.o)
                              C:/ST/STM32CubeIDE_1.16.1/STM32CubeIDE/plugins/com.st.stm32cube.ide.mcu.externaltools.gnu-tools-for-stm32.12.3.rel1.win32_1.0.200.202406191623/tools/bin/../lib/gcc/arm-none-eabi/12.3.1/../../../../arm-none-eabi/lib/thumb/v7e-m+fp/hard\libc_nano.a(libc_a-stdio.o) (_close_r)
C:/ST/STM32CubeIDE_1.16.1/STM32CubeIDE/plugins/com.st.stm32cube.ide.mcu.externaltools.gnu-tools-for-stm32.12.3.rel1.win32_1.0.200.202406191623/tools/bin/../lib/gcc/arm-none-eabi/12.3.1/../../../../arm-none-eabi/lib/thumb/v7e-m+fp/hard\libc_nano.a(libc_a-reent.o)
                              C:/ST/STM32CubeIDE_1.16.1/STM32CubeIDE/plugins/com.st.stm32cube.ide.mcu.externaltools.gnu-tools-for-stm32.12.3.rel1.win32_1.0.200.202406191623/tools/bin/../lib/gcc/arm-none-eabi/12.3.1/../../../../arm-none-eabi/lib/thumb/v7e-m+fp/hard\libc_nano.a(libc_a-closer.o) (errno)
C:/ST/STM32CubeIDE_1.16.1/STM32CubeIDE/plugins/com.st.stm32cube.ide.mcu.externaltools.gnu-tools-for-stm32.12.3.rel1.win32_1.0.200.202406191623/tools/bin/../lib/gcc/arm-none-eabi/12.3.1/../../../../arm-none-eabi/lib/thumb/v7e-m+fp/hard\libc_nano.a(libc_a-impure.o)
                              C:/ST/STM32CubeIDE_1.16.1/STM32CubeIDE/plugins/com.st.stm32cube.ide.mcu.externaltools.gnu-tools-for-stm32.12.3.rel1.win32_1.0.200.202406191623/tools/bin/../lib/gcc/arm-none-eabi/12.3.1/../../../../arm-none-eabi/lib/thumb/v7e-m+fp/hard\libc_nano.a(libc_a-reent.o) (_impure_ptr)
C:/ST/STM32CubeIDE_1.16.1/STM32CubeIDE/plugins/com.st.stm32cube.ide.mcu.externaltools.gnu-tools-for-stm32.12.3.rel1.win32_1.0.200.202406191623/tools/bin/../lib/gcc/arm-none-eabi/12.3.1/../../../../arm-none-eabi/lib/thumb/v7e-m+fp/hard\libc_nano.a(libc_a-lseekr.o)
[...]
Memory Configuration

Name             Origin             Length             Attributes
RAM              0x20000000         0x00020000         xrw
FLASH            0x08000000         0x00080000         xr
*default*        0x00000000         0xffffffff

Linker script and memory map

LOAD C:/ST/STM32CubeIDE_1.16.1/STM32CubeIDE/plugins/com.st.stm32cube.ide.mcu.externaltools.gnu-tools-for-stm32.12.3.rel1.win32_1.0.200.202406191623/tools/bin/../lib/gcc/arm-none-eabi/12.3.1/thumb/v7e-m+fp/hard/crti.o
LOAD C:/ST/STM32CubeIDE_1.16.1/STM32CubeIDE/plugins/com.st.stm32cube.ide.mcu.externaltools.gnu-tools-for-stm32.12.3.rel1.win32_1.0.200.202406191623/tools/bin/../lib/gcc/arm-none-eabi/12.3.1/thumb/v7e-m+fp/hard/crtbegin.o
LOAD C:/ST/STM32CubeIDE_1.16.1/STM32CubeIDE/plugins/com.st.stm32cube.ide.mcu.externaltools.gnu-tools-for-stm32.12.3.rel1.win32_1.0.200.202406191623/tools/bin/../lib/gcc/arm-none-eabi/12.3.1/../../../../arm-none-eabi/lib/thumb/v7e-m+fp/hard/crt0.o
LOAD ./Core/Src/main.o
LOAD ./Core/Src/stm32f4xx_hal_msp.o
LOAD ./Core/Src/stm32f4xx_it.o
LOAD ./Core/Src/syscalls.o
LOAD ./Core/Src/sysmem.o
LOAD ./Core/Src/system_stm32f4xx.o
LOAD ./Core/Startup/startup_stm32f411vetx.o
LOAD ./Drivers/STM32F4xx_HAL_Driver/Src/stm32f4xx_hal.o
LOAD ./Drivers/STM32F4xx_HAL_Driver/Src/stm32f4xx_hal_cortex.o
LOAD ./Drivers/STM32F4xx_HAL_Driver/Src/stm32f4xx_hal_dma.o
LOAD ./Drivers/STM32F4xx_HAL_Driver/Src/stm32f4xx_hal_dma_ex.o
LOAD ./Drivers/STM32F4xx_HAL_Driver/Src/stm32f4xx_hal_exti.o
LOAD ./Drivers/STM32F4xx_HAL_Driver/Src/stm32f4xx_hal_flash.o
LOAD ./Drivers/STM32F4xx_HAL_Driver/Src/stm32f4xx_hal_flash_ex.o
LOAD ./Drivers/STM32F4xx_HAL_Driver/Src/stm32f4xx_hal_flash_ramfunc.o
LOAD ./Drivers/STM32F4xx_HAL_Driver/Src/stm32f4xx_hal_gpio.o
LOAD ./Drivers/STM32F4xx_HAL_Driver/Src/stm32f4xx_hal_pwr.o
LOAD ./Drivers/STM32F4xx_HAL_Driver/Src/stm32f4xx_hal_pwr_ex.o
LOAD ./Drivers/STM32F4xx_HAL_Driver/Src/stm32f4xx_hal_rcc.o
LOAD ./Drivers/STM32F4xx_HAL_Driver/Src/stm32f4xx_hal_rcc_ex.o
LOAD ./FreeRTOS-Kernel/croutine.o
LOAD ./FreeRTOS-Kernel/event_groups.o
LOAD ./FreeRTOS-Kernel/list.o
LOAD ./FreeRTOS-Kernel/queue.o
LOAD ./FreeRTOS-Kernel/stream_buffer.o
LOAD ./FreeRTOS-Kernel/tasks.o
LOAD ./FreeRTOS-Kernel/timers.o
LOAD ./FreeRTOS-Kernel/portable/GCC/ARM_CM4F/port.o
LOAD ./FreeRTOS-Kernel/portable/MemMang/heap_4.o
START GROUP
LOAD C:/ST/STM32CubeIDE_1.16.1/STM32CubeIDE/plugins/com.st.stm32cube.ide.mcu.externaltools.gnu-tools-for-stm32.12.3.rel1.win32_1.0.200.202406191623/tools/bin/../lib/gcc/arm-none-eabi/12.3.1/../../../../arm-none-eabi/lib/thumb/v7e-m+fp/hard\libc_nano.a
LOAD C:/ST/STM32CubeIDE_1.16.1/STM32CubeIDE/plugins/com.st.stm32cube.ide.mcu.externaltools.gnu-tools-for-stm32.12.3.rel1.win32_1.0.200.202406191623/tools/bin/../lib/gcc/arm-none-eabi/12.3.1/../../../../arm-none-eabi/lib/thumb/v7e-m+fp/hard\libm.a
END GROUP
START GROUP
LOAD C:/ST/STM32CubeIDE_1.16.1/STM32CubeIDE/plugins/com.st.stm32cube.ide.mcu.externaltools.gnu-tools-for-stm32.12.3.rel1.win32_1.0.200.202406191623/tools/bin/../lib/gcc/arm-none-eabi/12.3.1/thumb/v7e-m+fp/hard\libgcc.a
LOAD C:/ST/STM32CubeIDE_1.16.1/STM32CubeIDE/plugins/com.st.stm32cube.ide.mcu.externaltools.gnu-tools-for-stm32.12.3.rel1.win32_1.0.200.202406191623/tools/bin/../lib/gcc/arm-none-eabi/12.3.1/../../../../arm-none-eabi/lib/thumb/v7e-m+fp/hard\libc_nano.a
END GROUP
START GROUP
LOAD C:/ST/STM32CubeIDE_1.16.1/STM32CubeIDE/plugins/com.st.stm32cube.ide.mcu.externaltools.gnu-tools-for-stm32.12.3.rel1.win32_1.0.200.202406191623/tools/bin/../lib/gcc/arm-none-eabi/12.3.1/thumb/v7e-m+fp/hard\libgcc.a
LOAD C:/ST/STM32CubeIDE_1.16.1/STM32CubeIDE/plugins/com.st.stm32cube.ide.mcu.externaltools.gnu-tools-for-stm32.12.3.rel1.win32_1.0.200.202406191623/tools/bin/../lib/gcc/arm-none-eabi/12.3.1/../../../../arm-none-eabi/lib/thumb/v7e-m+fp/hard\libc_nano.a
LOAD C:/ST/STM32CubeIDE_1.16.1/STM32CubeIDE/plugins/com.st.stm32cube.ide.mcu.externaltools.gnu-tools-for-stm32.12.3.rel1.win32_1.0.200.202406191623/tools/bin/../lib/gcc/arm-none-eabi/12.3.1/../../../../arm-none-eabi/lib/thumb/v7e-m+fp/hard\libnosys.a
END GROUP
START GROUP
LOAD C:/ST/STM32CubeIDE_1.16.1/STM32CubeIDE/plugins/com.st.stm32cube.ide.mcu.externaltools.gnu-tools-for-stm32.12.3.rel1.win32_1.0.200.202406191623/tools/bin/../lib/gcc/arm-none-eabi/12.3.1/thumb/v7e-m+fp/hard\libgcc.a
LOAD C:/ST/STM32CubeIDE_1.16.1/STM32CubeIDE/plugins/com.st.stm32cube.ide.mcu.externaltools.gnu-tools-for-stm32.12.3.rel1.win32_1.0.200.202406191623/tools/bin/../lib/gcc/arm-none-eabi/12.3.1/../../../../arm-none-eabi/lib/thumb/v7e-m+fp/hard\libc_nano.a
LOAD C:/ST/STM32CubeIDE_1.16.1/STM32CubeIDE/plugins/com.st.stm32cube.ide.mcu.externaltools.gnu-tools-for-stm32.12.3.rel1.win32_1.0.200.202406191623/tools/bin/../lib/gcc/arm-none-eabi/12.3.1/../../../../arm-none-eabi/lib/thumb/v7e-m+fp/hard\libnosys.a
END GROUP
LOAD C:/ST/STM32CubeIDE_1.16.1/STM32CubeIDE/plugins/com.st.stm32cube.ide.mcu.externaltools.gnu-tools-for-stm32.12.3.rel1.win32_1.0.200.202406191623/tools/bin/../lib/gcc/arm-none-eabi/12.3.1/thumb/v7e-m+fp/hard/crtend.o
LOAD C:/ST/STM32CubeIDE_1.16.1/STM32CubeIDE/plugins/com.st.stm32cube.ide.mcu.externaltools.gnu-tools-for-stm32.12.3.rel1.win32_1.0.200.202406191623/tools/bin/../lib/gcc/arm-none-eabi/12.3.1/thumb/v7e-m+fp/hard/crtn.o
                0x20020000                        _estack = (ORIGIN (RAM) + LENGTH (RAM))
                0x00000200                        _Min_Heap_Size = 0x200
                0x00000400                        _Min_Stack_Size = 0x400

.isr_vector     0x08000000      0x198
                0x08000000                        . = ALIGN (0x4)
 *(.isr_vector)
 .isr_vector    0x08000000      0x198 ./Core/Startup/startup_stm32f411vetx.o
                0x08000000                g_pfnVectors
                0x08000198                        . = ALIGN (0x4)

.text           0x08000198     0x2854
                0x08000198                        . = ALIGN (0x4)
 *(.text)
 .text          0x08000198       0x40 C:/ST/STM32CubeIDE_1.16.1/STM32CubeIDE/plugins/com.st.stm32cube.ide.mcu.externaltools.gnu-tools-for-stm32.12.3.rel1.win32_1.0.200.202406191623/tools/bin/../lib/gcc/arm-none-eabi/12.3.1/thumb/v7e-m+fp/hard/crtbegin.o
 *(.text*)
 .text.main     0x080001d8       0x94 ./Core/Src/main.o
                0x080001d8                main
 .text.functionBlueLed
                0x0800026c       0x28 ./Core/Src/main.o
 .text.functionRedLed
                0x08000294       0x28 ./Core/Src/main.o
 .text.SystemInit
                0x080002bc       0x24 ./Core/Src/system_stm32f4xx.o
                0x080002bc                SystemInit
 .text.Reset_Handler
                0x080002e0       0x50 ./Core/Startup/startup_stm32f411vetx.o
                0x080002e0                Reset_Handler
 .text.Default_Handler
                0x08000330        0x2 ./Core/Startup/startup_stm32f411vetx.o
                0x08000330                RTC_Alarm_IRQHandler
                0x08000330                EXTI2_IRQHandler
                0x08000330                DebugMon_Handler
                0x08000330                SPI4_IRQHandler
                0x08000330                TIM1_CC_IRQHandler
                0x08000330                DMA2_Stream5_IRQHandler
                0x08000330                HardFault_Handler
                0x08000330                DMA1_Stream5_IRQHandler
                0x08000330                PVD_IRQHandler
                0x08000330                SDIO_IRQHandler
                0x08000330                TAMP_STAMP_IRQHandler
                0x08000330                NMI_Handler
                0x08000330                EXTI3_IRQHandler
                0x08000330                TIM1_UP_TIM10_IRQHandler
                0x08000330                I2C3_ER_IRQHandler
                0x08000330                EXTI0_IRQHandler
                0x08000330                I2C2_EV_IRQHandler
                0x08000330                DMA1_Stream2_IRQHandler
                0x08000330                FPU_IRQHandler
                0x08000330                UsageFault_Handler
                0x08000330                DMA2_Stream2_IRQHandler
                0x08000330                SPI1_IRQHandler
                0x08000330                TIM1_BRK_TIM9_IRQHandler
                0x08000330                DMA2_Stream3_IRQHandler
                0x08000330                USART6_IRQHandler
                0x08000330                DMA2_Stream0_IRQHandler
                0x08000330                TIM4_IRQHandler
                0x08000330                I2C1_EV_IRQHandler
                0x08000330                DMA1_Stream6_IRQHandler
                0x08000330                DMA1_Stream1_IRQHandler
                0x08000330                TIM3_IRQHandler
                0x08000330                RCC_IRQHandler
                0x08000330                Default_Handler
                0x08000330                EXTI15_10_IRQHandler
                0x08000330                ADC_IRQHandler
                0x08000330                DMA1_Stream7_IRQHandler
                0x08000330                SPI5_IRQHandler
                0x08000330                TIM5_IRQHandler
                0x08000330                DMA2_Stream7_IRQHandler
                0x08000330                I2C3_EV_IRQHandler
                0x08000330                EXTI9_5_IRQHandler
                0x08000330                RTC_WKUP_IRQHandler
                0x08000330                SPI2_IRQHandler
                0x08000330                MemManage_Handler
                0x08000330                DMA1_Stream0_IRQHandler
                0x08000330                EXTI4_IRQHandler
                0x08000330                WWDG_IRQHandler
                0x08000330                TIM2_IRQHandler
                0x08000330                OTG_FS_WKUP_IRQHandler
                0x08000330                TIM1_TRG_COM_TIM11_IRQHandler
                0x08000330                EXTI1_IRQHandler
                0x08000330                USART2_IRQHandler
                0x08000330                I2C2_ER_IRQHandler
                0x08000330                DMA2_Stream1_IRQHandler
                0x08000330                FLASH_IRQHandler
                0x08000330                DMA2_Stream4_IRQHandler
                0x08000330                BusFault_Handler
                0x08000330                USART1_IRQHandler
                0x08000330                OTG_FS_IRQHandler
                0x08000330                SPI3_IRQHandler
                0x08000330                DMA1_Stream4_IRQHandler
                0x08000330                I2C1_ER_IRQHandler
                0x08000330                DMA2_Stream6_IRQHandler
                0x08000330                DMA1_Stream3_IRQHandler
 .text.vListInitialise
                0x08000332       0x40 ./FreeRTOS-Kernel/list.o
                0x08000332                vListInitialise
 .text.vListInitialiseItem
                0x08000372       0x1a ./FreeRTOS-Kernel/list.o
                0x08000372                vListInitialiseItem
 .text.vListInsert
                0x0800038c       0x72 ./FreeRTOS-Kernel/list.o
                0x0800038c                vListInsert
 .text.uxListRemove
                0x080003fe       0x54 ./FreeRTOS-Kernel/list.o
                0x080003fe                uxListRemove
 *fill*         0x08000452        0x2 
 .text.xQueueGenericReset
                0x08000454      0x124 ./FreeRTOS-Kernel/queue.o
                0x08000454                xQueueGenericReset
 .text.xQueueGenericCreate
                0x08000578       0x9e ./FreeRTOS-Kernel/queue.o
                0x08000578                xQueueGenericCreate
 .text.prvInitialiseNewQueue
                0x08000616       0x46 ./FreeRTOS-Kernel/queue.o
 .text.xQueueReceive
                0x0800065c      0x1c4 ./FreeRTOS-Kernel/queue.o
                0x0800065c                xQueueReceive
 .text.prvCopyDataFromQueue
                0x08000820       0x4c ./FreeRTOS-Kernel/queue.o
 .text.prvUnlockQueue
                0x0800086c       0xa4 ./FreeRTOS-Kernel/queue.o
 .text.prvIsQueueEmpty
                0x08000910       0x2c ./FreeRTOS-Kernel/queue.o
 .text.vQueueAddToRegistry
                0x0800093c       0xa0 ./FreeRTOS-Kernel/queue.o
                0x0800093c                vQueueAddToRegistry
 .text.vQueueWaitForMessageRestricted
                0x080009dc       0x68 ./FreeRTOS-Kernel/queue.o
                0x080009dc                vQueueWaitForMessageRestricted
 .text.prvCreateTask
                0x08000a44       0x78 ./FreeRTOS-Kernel/tasks.o
 .text.xTaskCreate
                0x08000abc       0x46 ./FreeRTOS-Kernel/tasks.o
                0x08000abc                xTaskCreate
 .text.prvInitialiseNewTask
                0x08000b02      0x120 ./FreeRTOS-Kernel/tasks.o
 *fill*         0x08000c22        0x2 
 .text.prvAddNewTaskToReadyList
                0x08000c24      0x130 ./FreeRTOS-Kernel/tasks.o
 .text.vTaskDelay
                0x08000d54       0x6c ./FreeRTOS-Kernel/tasks.o
                0x08000d54                vTaskDelay
 .text.prvCreateIdleTasks
                0x08000dc0       0xac ./FreeRTOS-Kernel/tasks.o
 .text.vTaskStartScheduler
                0x08000e6c       0x88 ./FreeRTOS-Kernel/tasks.o
                0x08000e6c                vTaskStartScheduler
 .text.vTaskSuspendAll
                0x08000ef4       0x1c ./FreeRTOS-Kernel/tasks.o
                0x08000ef4                vTaskSuspendAll
 .text.xTaskResumeAll
                0x08000f10      0x210 ./FreeRTOS-Kernel/tasks.o
                0x08000f10                xTaskResumeAll
 .text.xTaskGetTickCount
                0x08001120       0x20 ./FreeRTOS-Kernel/tasks.o
                0x08001120                xTaskGetTickCount
 .text.xTaskIncrementTick
                0x08001140      0x234 ./FreeRTOS-Kernel/tasks.o
                0x08001140                xTaskIncrementTick
 .text.vTaskSwitchContext
                0x08001374       0xbc ./FreeRTOS-Kernel/tasks.o
                0x08001374                vTaskSwitchContext
 .text.vTaskPlaceOnEventList
                0x08001430       0x4c ./FreeRTOS-Kernel/tasks.o
                0x08001430                vTaskPlaceOnEventList
 .text.vTaskPlaceOnEventListRestricted
                0x0800147c       0x8c ./FreeRTOS-Kernel/tasks.o
                0x0800147c                vTaskPlaceOnEventListRestricted
 .text.xTaskRemoveFromEventList
                0x08001508      0x1b4 ./FreeRTOS-Kernel/tasks.o
                0x08001508                xTaskRemoveFromEventList
 .text.vTaskInternalSetTimeOutState
                0x080016bc       0x2c ./FreeRTOS-Kernel/tasks.o
                0x080016bc                vTaskInternalSetTimeOutState
 .text.xTaskCheckForTimeOut
                0x080016e8       0xd0 ./FreeRTOS-Kernel/tasks.o
                0x080016e8                xTaskCheckForTimeOut
 .text.vTaskMissedYield
                0x080017b8       0x18 ./FreeRTOS-Kernel/tasks.o
                0x080017b8                vTaskMissedYield
 .text.prvIdleTask
                0x080017d0       0x30 ./FreeRTOS-Kernel/tasks.o
 .text.prvInitialiseTaskLists
                0x08001800       0x80 ./FreeRTOS-Kernel/tasks.o
 .text.prvCheckTasksWaitingTermination
                0x08001880       0x5c ./FreeRTOS-Kernel/tasks.o
 .text.prvDeleteTCB
                0x080018dc       0x20 ./FreeRTOS-Kernel/tasks.o
 .text.prvResetNextTaskUnblockTime
                0x080018fc       0x38 ./FreeRTOS-Kernel/tasks.o
 .text.xTaskGetSchedulerState
                0x08001934       0x3c ./FreeRTOS-Kernel/tasks.o
                0x08001934                xTaskGetSchedulerState
 .text.prvAddCurrentTaskToDelayedList
                0x08001970      0x104 ./FreeRTOS-Kernel/tasks.o
 .text.xTimerCreateTimerTask
                0x08001a74       0x68 ./FreeRTOS-Kernel/timers.o
                0x08001a74                xTimerCreateTimerTask
 .text.prvReloadTimer
                0x08001adc       0x42 ./FreeRTOS-Kernel/timers.o
 *fill*         0x08001b1e        0x2 
 .text.prvProcessExpiredTimer
                0x08001b20       0x60 ./FreeRTOS-Kernel/timers.o
 .text.prvTimerTask
                0x08001b80       0x26 ./FreeRTOS-Kernel/timers.o
 *fill*         0x08001ba6        0x2 
 .text.prvProcessTimerOrBlockTask
                0x08001ba8       0x9c ./FreeRTOS-Kernel/timers.o
 .text.prvGetNextExpireTime
                0x08001c44       0x48 ./FreeRTOS-Kernel/timers.o
 .text.prvSampleTimeNow
                0x08001c8c       0x40 ./FreeRTOS-Kernel/timers.o
 .text.prvInsertTimerInActiveList
                0x08001ccc       0x84 ./FreeRTOS-Kernel/timers.o
 .text.prvProcessReceivedCommands
                0x08001d50      0x198 ./FreeRTOS-Kernel/timers.o
 .text.prvSwitchTimerLists
                0x08001ee8       0x4c ./FreeRTOS-Kernel/timers.o
 .text.prvCheckForValidListAndQueue
                0x08001f34       0x6c ./FreeRTOS-Kernel/timers.o
 .text.pxPortInitialiseStack
                0x08001fa0       0x68 ./FreeRTOS-Kernel/portable/GCC/ARM_CM4F/port.o
                0x08001fa0                pxPortInitialiseStack
 .text.prvTaskExitError
                0x08002008       0x5c ./FreeRTOS-Kernel/portable/GCC/ARM_CM4F/port.o
 .text.SVC_Handler
                0x08002064       0x24 ./FreeRTOS-Kernel/portable/GCC/ARM_CM4F/port.o
                0x08002064                SVC_Handler
 .text.prvPortStartFirstTask
                0x08002088       0x2c ./FreeRTOS-Kernel/portable/GCC/ARM_CM4F/port.o
 .text.xPortStartScheduler
                0x080020b4      0x1e0 ./FreeRTOS-Kernel/portable/GCC/ARM_CM4F/port.o
                0x080020b4                xPortStartScheduler
 .text.vPortEnterCritical
                0x08002294       0x64 ./FreeRTOS-Kernel/portable/GCC/ARM_CM4F/port.o
                0x08002294                vPortEnterCritical
 .text.vPortExitCritical
                0x080022f8       0x54 ./FreeRTOS-Kernel/portable/GCC/ARM_CM4F/port.o
                0x080022f8                vPortExitCritical
 .text.PendSV_Handler
                0x0800234c       0x64 ./FreeRTOS-Kernel/portable/GCC/ARM_CM4F/port.o
                0x0800234c                PendSV_Handler
 .text.SysTick_Handler
                0x080023b0       0x44 ./FreeRTOS-Kernel/portable/GCC/ARM_CM4F/port.o
                0x080023b0                SysTick_Handler
 .text.vPortSetupTimerInterrupt
                0x080023f4       0x48 ./FreeRTOS-Kernel/portable/GCC/ARM_CM4F/port.o
                0x080023f4                vPortSetupTimerInterrupt
 .text.vPortEnableVFP
                0x0800243c       0x18 ./FreeRTOS-Kernel/portable/GCC/ARM_CM4F/port.o
 .text.pvPortMalloc
                0x08002454      0x270 ./FreeRTOS-Kernel/portable/MemMang/heap_4.o
                0x08002454                pvPortMalloc
 .text.vPortFree
                0x080026c4       0xf4 ./FreeRTOS-Kernel/portable/MemMang/heap_4.o
                0x080026c4                vPortFree
 .text.prvHeapInit
                0x080027b8       0xb4 ./FreeRTOS-Kernel/portable/MemMang/heap_4.o
 .text.prvInsertBlockIntoFreeList
                0x0800286c       0xf4 ./FreeRTOS-Kernel/portable/MemMang/heap_4.o
 .text.memset   0x08002960       0x10 C:/ST/STM32CubeIDE_1.16.1/STM32CubeIDE/plugins/com.st.stm32cube.ide.mcu.externaltools.gnu-tools-for-stm32.12.3.rel1.win32_1.0.200.202406191623/tools/bin/../lib/gcc/arm-none-eabi/12.3.1/../../../../arm-none-eabi/lib/thumb/v7e-m+fp/hard\libc_nano.a(libc_a-memset.o)
                0x08002960                memset
 .text.__libc_init_array
                0x08002970       0x48 C:/ST/STM32CubeIDE_1.16.1/STM32CubeIDE/plugins/com.st.stm32cube.ide.mcu.externaltools.gnu-tools-for-stm32.12.3.rel1.win32_1.0.200.202406191623/tools/bin/../lib/gcc/arm-none-eabi/12.3.1/../../../../arm-none-eabi/lib/thumb/v7e-m+fp/hard\libc_nano.a(libc_a-init.o)
                0x08002970                __libc_init_array
 .text.memcpy   0x080029b8       0x1c C:/ST/STM32CubeIDE_1.16.1/STM32CubeIDE/plugins/com.st.stm32cube.ide.mcu.externaltools.gnu-tools-for-stm32.12.3.rel1.win32_1.0.200.202406191623/tools/bin/../lib/gcc/arm-none-eabi/12.3.1/../../../../arm-none-eabi/lib/thumb/v7e-m+fp/hard\libc_nano.a(libc_a-memcpy-stub.o)
                0x080029b8                memcpy
 *(.glue_7)
 .glue_7        0x080029d4        0x0 linker stubs
 *(.glue_7t)
 .glue_7t       0x080029d4        0x0 linker stubs
 *(.eh_frame)
 .eh_frame      0x080029d4        0x0 C:/ST/STM32CubeIDE_1.16.1/STM32CubeIDE/plugins/com.st.stm32cube.ide.mcu.externaltools.gnu-tools-for-stm32.12.3.rel1.win32_1.0.200.202406191623/tools/bin/../lib/gcc/arm-none-eabi/12.3.1/thumb/v7e-m+fp/hard/crtbegin.o
 *(.init)
 .init          0x080029d4        0x4 C:/ST/STM32CubeIDE_1.16.1/STM32CubeIDE/plugins/com.st.stm32cube.ide.mcu.externaltools.gnu-tools-for-stm32.12.3.rel1.win32_1.0.200.202406191623/tools/bin/../lib/gcc/arm-none-eabi/12.3.1/thumb/v7e-m+fp/hard/crti.o
                0x080029d4                _init
 .init          0x080029d8        0x8 C:/ST/STM32CubeIDE_1.16.1/STM32CubeIDE/plugins/com.st.stm32cube.ide.mcu.externaltools.gnu-tools-for-stm32.12.3.rel1.win32_1.0.200.202406191623/tools/bin/../lib/gcc/arm-none-eabi/12.3.1/thumb/v7e-m+fp/hard/crtn.o
 *(.fini)
 .fini          0x080029e0        0x4 C:/ST/STM32CubeIDE_1.16.1/STM32CubeIDE/plugins/com.st.stm32cube.ide.mcu.externaltools.gnu-tools-for-stm32.12.3.rel1.win32_1.0.200.202406191623/tools/bin/../lib/gcc/arm-none-eabi/12.3.1/thumb/v7e-m+fp/hard/crti.o
                0x080029e0                _fini
 .fini          0x080029e4        0x8 C:/ST/STM32CubeIDE_1.16.1/STM32CubeIDE/plugins/com.st.stm32cube.ide.mcu.externaltools.gnu-tools-for-stm32.12.3.rel1.win32_1.0.200.202406191623/tools/bin/../lib/gcc/arm-none-eabi/12.3.1/thumb/v7e-m+fp/hard/crtn.o
                0x080029ec                        . = ALIGN (0x4)
                0x080029ec                        _etext = .

.vfp11_veneer   0x080029ec        0x0
 .vfp11_veneer  0x080029ec        0x0 linker stubs

.v4_bx          0x080029ec        0x0
 .v4_bx         0x080029ec        0x0 linker stubs

.iplt           0x080029ec        0x0
 .iplt          0x080029ec        0x0 C:/ST/STM32CubeIDE_1.16.1/STM32CubeIDE/plugins/com.st.stm32cube.ide.mcu.externaltools.gnu-tools-for-stm32.12.3.rel1.win32_1.0.200.202406191623/tools/bin/../lib/gcc/arm-none-eabi/12.3.1/thumb/v7e-m+fp/hard/crtbegin.o

.rodata         0x080029ec       0x24
                0x080029ec                        . = ALIGN (0x4)
 *(.rodata)
 .rodata        0x080029ec        0xc ./Core/Src/main.o
 .rodata        0x080029f8        0x5 ./FreeRTOS-Kernel/tasks.o
 *fill*         0x080029fd        0x3 
 .rodata        0x08002a00        0xd ./FreeRTOS-Kernel/timers.o
 *(.rodata*)
                0x08002a10                        . = ALIGN (0x4)
 *fill*         0x08002a0d        0x3 

.ARM.extab      0x08002a10        0x0
                0x08002a10                        . = ALIGN (0x4)
 *(.ARM.extab* .gnu.linkonce.armextab.*)
                0x08002a10                        . = ALIGN (0x4)

.ARM            0x08002a10        0x0
                0x08002a10                        . = ALIGN (0x4)
                0x08002a10                        __exidx_start = .
 *(.ARM.exidx*)
                0x08002a10                        __exidx_end = .
                0x08002a10                        . = ALIGN (0x4)

.preinit_array  0x08002a10        0x0
                0x08002a10                        . = ALIGN (0x4)
                0x08002a10                        PROVIDE (__preinit_array_start = .)
 *(.preinit_array*)
                0x08002a10                        PROVIDE (__preinit_array_end = .)
                0x08002a10                        . = ALIGN (0x4)

.init_array     0x08002a10        0x4
                0x08002a10                        . = ALIGN (0x4)
                0x08002a10                        PROVIDE (__init_array_start = .)
 *(SORT_BY_NAME(.init_array.*))
 *(.init_array*)
 .init_array    0x08002a10        0x4 C:/ST/STM32CubeIDE_1.16.1/STM32CubeIDE/plugins/com.st.stm32cube.ide.mcu.externaltools.gnu-tools-for-stm32.12.3.rel1.win32_1.0.200.202406191623/tools/bin/../lib/gcc/arm-none-eabi/12.3.1/thumb/v7e-m+fp/hard/crtbegin.o
                0x08002a14                        PROVIDE (__init_array_end = .)
                0x08002a14                        . = ALIGN (0x4)

.fini_array     0x08002a14        0x4
                0x08002a14                        . = ALIGN (0x4)
                [!provide]                        PROVIDE (__fini_array_start = .)
 *(SORT_BY_NAME(.fini_array.*))
 *(.fini_array*)
 .fini_array    0x08002a14        0x4 C:/ST/STM32CubeIDE_1.16.1/STM32CubeIDE/plugins/com.st.stm32cube.ide.mcu.externaltools.gnu-tools-for-stm32.12.3.rel1.win32_1.0.200.202406191623/tools/bin/../lib/gcc/arm-none-eabi/12.3.1/thumb/v7e-m+fp/hard/crtbegin.o
                [!provide]                        PROVIDE (__fini_array_end = .)
                0x08002a18                        . = ALIGN (0x4)
                0x08002a18                        _sidata = LOADADDR (.data)

.rel.dyn        0x08002a18        0x0
 .rel.iplt      0x08002a18        0x0 C:/ST/STM32CubeIDE_1.16.1/STM32CubeIDE/plugins/com.st.stm32cube.ide.mcu.externaltools.gnu-tools-for-stm32.12.3.rel1.win32_1.0.200.202406191623/tools/bin/../lib/gcc/arm-none-eabi/12.3.1/thumb/v7e-m+fp/hard/crtbegin.o

.data           0x20000000        0xc load address 0x08002a18
                0x20000000                        . = ALIGN (0x4)
                0x20000000                        _sdata = .
 *(.data)
 *(.data*)
 .data.SystemCoreClock
                0x20000000        0x4 ./Core/Src/system_stm32f4xx.o
                0x20000000                SystemCoreClock
 .data.uxTopUsedPriority
                0x20000004        0x4 ./FreeRTOS-Kernel/tasks.o
 .data.uxCriticalNesting
                0x20000008        0x4 ./FreeRTOS-Kernel/portable/GCC/ARM_CM4F/port.o
 *(.RamFunc)
 *(.RamFunc*)
                0x2000000c                        . = ALIGN (0x4)
                0x2000000c                        _edata = .

.igot.plt       0x2000000c        0x0 load address 0x08002a24
 .igot.plt      0x2000000c        0x0 C:/ST/STM32CubeIDE_1.16.1/STM32CubeIDE/plugins/com.st.stm32cube.ide.mcu.externaltools.gnu-tools-for-stm32.12.3.rel1.win32_1.0.200.202406191623/tools/bin/../lib/gcc/arm-none-eabi/12.3.1/thumb/v7e-m+fp/hard/crtbegin.o
                0x2000000c                        . = ALIGN (0x4)

.bss            0x2000000c    0x12dc0 load address 0x08002a24
                0x2000000c                        _sbss = .
                0x2000000c                        __bss_start__ = _sbss
 *(.bss)
 .bss           0x2000000c       0x1c C:/ST/STM32CubeIDE_1.16.1/STM32CubeIDE/plugins/com.st.stm32cube.ide.mcu.externaltools.gnu-tools-for-stm32.12.3.rel1.win32_1.0.200.202406191623/tools/bin/../lib/gcc/arm-none-eabi/12.3.1/thumb/v7e-m+fp/hard/crtbegin.o
 *(.bss*)
 .bss.xQueueRegistry
                0x20000028       0x40 ./FreeRTOS-Kernel/queue.o
                0x20000028                xQueueRegistry
 .bss.pxCurrentTCB
                0x20000068        0x4 ./FreeRTOS-Kernel/tasks.o
                0x20000068                pxCurrentTCB
 .bss.pxReadyTasksLists
                0x2000006c       0x64 ./FreeRTOS-Kernel/tasks.o
 .bss.xDelayedTaskList1
                0x200000d0       0x14 ./FreeRTOS-Kernel/tasks.o
 .bss.xDelayedTaskList2
                0x200000e4       0x14 ./FreeRTOS-Kernel/tasks.o
 .bss.pxDelayedTaskList
                0x200000f8        0x4 ./FreeRTOS-Kernel/tasks.o
 .bss.pxOverflowDelayedTaskList
                0x200000fc        0x4 ./FreeRTOS-Kernel/tasks.o
 .bss.xPendingReadyList
                0x20000100       0x14 ./FreeRTOS-Kernel/tasks.o
 .bss.xTasksWaitingTermination
                0x20000114       0x14 ./FreeRTOS-Kernel/tasks.o
 .bss.uxDeletedTasksWaitingCleanUp
                0x20000128        0x4 ./FreeRTOS-Kernel/tasks.o
 .bss.xSuspendedTaskList
                0x2000012c       0x14 ./FreeRTOS-Kernel/tasks.o
 .bss.uxCurrentNumberOfTasks
                0x20000140        0x4 ./FreeRTOS-Kernel/tasks.o
 .bss.xTickCount
                0x20000144        0x4 ./FreeRTOS-Kernel/tasks.o
 .bss.uxTopReadyPriority
                0x20000148        0x4 ./FreeRTOS-Kernel/tasks.o
 .bss.xSchedulerRunning
                0x2000014c        0x4 ./FreeRTOS-Kernel/tasks.o
 .bss.xPendedTicks
                0x20000150        0x4 ./FreeRTOS-Kernel/tasks.o
 .bss.xYieldPendings
                0x20000154        0x4 ./FreeRTOS-Kernel/tasks.o
 .bss.xNumOfOverflows
                0x20000158        0x4 ./FreeRTOS-Kernel/tasks.o
 .bss.uxTaskNumber
                0x2000015c        0x4 ./FreeRTOS-Kernel/tasks.o
 .bss.xNextTaskUnblockTime
                0x20000160        0x4 ./FreeRTOS-Kernel/tasks.o
 .bss.xIdleTaskHandles
                0x20000164        0x4 ./FreeRTOS-Kernel/tasks.o
 .bss.uxSchedulerSuspended
                0x20000168        0x4 ./FreeRTOS-Kernel/tasks.o
 .bss.xActiveTimerList1
                0x2000016c       0x14 ./FreeRTOS-Kernel/timers.o
 .bss.xActiveTimerList2
                0x20000180       0x14 ./FreeRTOS-Kernel/timers.o
 .bss.pxCurrentTimerList
                0x20000194        0x4 ./FreeRTOS-Kernel/timers.o
 .bss.pxOverflowTimerList
                0x20000198        0x4 ./FreeRTOS-Kernel/timers.o
 .bss.xTimerQueue
                0x2000019c        0x4 ./FreeRTOS-Kernel/timers.o
 .bss.xTimerTaskHandle
                0x200001a0        0x4 ./FreeRTOS-Kernel/timers.o
 .bss.xLastTime.0
                0x200001a4        0x4 ./FreeRTOS-Kernel/timers.o
 .bss.ucMaxSysCallPriority
                0x200001a8        0x1 ./FreeRTOS-Kernel/portable/GCC/ARM_CM4F/port.o
 *fill*         0x200001a9        0x3 
 .bss.ulMaxPRIGROUPValue
                0x200001ac        0x4 ./FreeRTOS-Kernel/portable/GCC/ARM_CM4F/port.o
 .bss.ucHeap    0x200001b0    0x12c00 ./FreeRTOS-Kernel/portable/MemMang/heap_4.o
 .bss.xStart    0x20012db0        0x8 ./FreeRTOS-Kernel/portable/MemMang/heap_4.o
 .bss.pxEnd     0x20012db8        0x4 ./FreeRTOS-Kernel/portable/MemMang/heap_4.o
 .bss.xFreeBytesRemaining
                0x20012dbc        0x4 ./FreeRTOS-Kernel/portable/MemMang/heap_4.o
 .bss.xMinimumEverFreeBytesRemaining
                0x20012dc0        0x4 ./FreeRTOS-Kernel/portable/MemMang/heap_4.o
 .bss.xNumberOfSuccessfulAllocations
                0x20012dc4        0x4 ./FreeRTOS-Kernel/portable/MemMang/heap_4.o
 .bss.xNumberOfSuccessfulFrees
                0x20012dc8        0x4 ./FreeRTOS-Kernel/portable/MemMang/heap_4.o
 *(COMMON)
                0x20012dcc                        . = ALIGN (0x4)
                0x20012dcc                        _ebss = .
                0x20012dcc                        __bss_end__ = _ebss

._user_heap_stack
                0x20012dcc      0x604 load address 0x08002a24
                0x20012dd0                        . = ALIGN (0x8)
 *fill*         0x20012dcc        0x4 
                [!provide]                        PROVIDE (end = .)
                0x20012dd0                        PROVIDE (_end = .)
                0x20012fd0                        . = (. + _Min_Heap_Size)
 *fill*         0x20012dd0      0x200 
                0x200133d0                        . = (. + _Min_Stack_Size)
 *fill*         0x20012fd0      0x400 
                0x200133d0                        . = ALIGN (0x8)

/DISCARD/
 libc.a(*)
 libm.a(*)
 libgcc.a(*)

.ARM.attributes
                0x00000000       0x30
 *(.ARM.attributes)
 .ARM.attributes
                0x00000000       0x22 C:/ST/STM32CubeIDE_1.16.1/STM32CubeIDE/plugins/com.st.stm32cube.ide.mcu.externaltools.gnu-tools-for-stm32.12.3.rel1.win32_1.0.200.202406191623/tools/bin/../lib/gcc/arm-none-eabi/12.3.1/thumb/v7e-m+fp/hard/crti.o
 .ARM.attributes
                0x00000022       0x34 C:/ST/STM32CubeIDE_1.16.1/STM32CubeIDE/plugins/com.st.stm32cube.ide.mcu.externaltools.gnu-tools-for-stm32.12.3.rel1.win32_1.0.200.202406191623/tools/bin/../lib/gcc/arm-none-eabi/12.3.1/thumb/v7e-m+fp/hard/crtbegin.o
 .ARM.attributes
                0x00000056       0x34 ./Core/Src/main.o
 .ARM.attributes
                0x0000008a       0x34 ./Core/Src/system_stm32f4xx.o
 .ARM.attributes
                0x000000be       0x21 ./Core/Startup/startup_stm32f411vetx.o
 .ARM.attributes
                0x000000df       0x34 ./FreeRTOS-Kernel/list.o
 .ARM.attributes
                0x00000113       0x34 ./FreeRTOS-Kernel/queue.o
 .ARM.attributes
                0x00000147       0x34 ./FreeRTOS-Kernel/tasks.o
 .ARM.attributes
                0x0000017b       0x34 ./FreeRTOS-Kernel/timers.o
 .ARM.attributes
                0x000001af       0x34 ./FreeRTOS-Kernel/portable/GCC/ARM_CM4F/port.o
 .ARM.attributes
                0x000001e3       0x34 ./FreeRTOS-Kernel/portable/MemMang/heap_4.o
 .ARM.attributes
                0x00000217       0x34 C:/ST/STM32CubeIDE_1.16.1/STM32CubeIDE/plugins/com.st.stm32cube.ide.mcu.externaltools.gnu-tools-for-stm32.12.3.rel1.win32_1.0.200.202406191623/tools/bin/../lib/gcc/arm-none-eabi/12.3.1/../../../../arm-none-eabi/lib/thumb/v7e-m+fp/hard\libc_nano.a(libc_a-memset.o)
 .ARM.attributes
                0x0000024b       0x34 C:/ST/STM32CubeIDE_1.16.1/STM32CubeIDE/plugins/com.st.stm32cube.ide.mcu.externaltools.gnu-tools-for-stm32.12.3.rel1.win32_1.0.200.202406191623/tools/bin/../lib/gcc/arm-none-eabi/12.3.1/../../../../arm-none-eabi/lib/thumb/v7e-m+fp/hard\libc_nano.a(libc_a-init.o)
 .ARM.attributes
                0x0000027f       0x34 C:/ST/STM32CubeIDE_1.16.1/STM32CubeIDE/plugins/com.st.stm32cube.ide.mcu.externaltools.gnu-tools-for-stm32.12.3.rel1.win32_1.0.200.202406191623/tools/bin/../lib/gcc/arm-none-eabi/12.3.1/../../../../arm-none-eabi/lib/thumb/v7e-m+fp/hard\libc_nano.a(libc_a-memcpy-stub.o)
 .ARM.attributes
                0x000002b3       0x22 C:/ST/STM32CubeIDE_1.16.1/STM32CubeIDE/plugins/com.st.stm32cube.ide.mcu.externaltools.gnu-tools-for-stm32.12.3.rel1.win32_1.0.200.202406191623/tools/bin/../lib/gcc/arm-none-eabi/12.3.1/thumb/v7e-m+fp/hard/crtn.o
OUTPUT(freeRTOS_baremetal.elf elf32-littlearm)
LOAD linker stubs
LOAD C:/ST/STM32CubeIDE_1.16.1/STM32CubeIDE/plugins/com.st.stm32cube.ide.mcu.externaltools.gnu-tools-for-stm32.12.3.rel1.win32_1.0.200.202406191623/tools/bin/../lib/gcc/arm-none-eabi/12.3.1/../../../../arm-none-eabi/lib/thumb/v7e-m+fp/hard\libc.a
LOAD C:/ST/STM32CubeIDE_1.16.1/STM32CubeIDE/plugins/com.st.stm32cube.ide.mcu.externaltools.gnu-tools-for-stm32.12.3.rel1.win32_1.0.200.202406191623/tools/bin/../lib/gcc/arm-none-eabi/12.3.1/../../../../arm-none-eabi/lib/thumb/v7e-m+fp/hard\libm.a
LOAD C:/ST/STM32CubeIDE_1.16.1/STM32CubeIDE/plugins/com.st.stm32cube.ide.mcu.externaltools.gnu-tools-for-stm32.12.3.rel1.win32_1.0.200.202406191623/tools/bin/../lib/gcc/arm-none-eabi/12.3.1/thumb/v7e-m+fp/hard\libgcc.a

.debug_info     0x00000000     0x65d1
 .debug_info    0x00000000      0x22f ./Core/Src/main.o
 .debug_info    0x0000022f      0x53e ./Core/Src/system_stm32f4xx.o
 .debug_info    0x0000076d       0x30 ./Core/Startup/startup_stm32f411vetx.o
 .debug_info    0x0000079d      0x2aa ./FreeRTOS-Kernel/list.o
 .debug_info    0x00000a47     0x18dd ./FreeRTOS-Kernel/queue.o
 .debug_info    0x00002324     0x2866 ./FreeRTOS-Kernel/tasks.o
 .debug_info    0x00004b8a      0xece ./FreeRTOS-Kernel/timers.o
 .debug_info    0x00005a58      0x581 ./FreeRTOS-Kernel/portable/GCC/ARM_CM4F/port.o
 .debug_info    0x00005fd9      0x5f8 ./FreeRTOS-Kernel/portable/MemMang/heap_4.o

.debug_abbrev   0x00000000     0x116b
 .debug_abbrev  0x00000000      0x105 ./Core/Src/main.o
 .debug_abbrev  0x00000105      0x11a ./Core/Src/system_stm32f4xx.o
 .debug_abbrev  0x0000021f       0x24 ./Core/Startup/startup_stm32f411vetx.o
 .debug_abbrev  0x00000243       0xee ./FreeRTOS-Kernel/list.o
 .debug_abbrev  0x00000331      0x323 ./FreeRTOS-Kernel/queue.o
 .debug_abbrev  0x00000654      0x398 ./FreeRTOS-Kernel/tasks.o
 .debug_abbrev  0x000009ec      0x2dd ./FreeRTOS-Kernel/timers.o
 .debug_abbrev  0x00000cc9      0x248 ./FreeRTOS-Kernel/portable/GCC/ARM_CM4F/port.o
 .debug_abbrev  0x00000f11      0x25a ./FreeRTOS-Kernel/portable/MemMang/heap_4.o

.debug_aranges  0x00000000      0x610
 .debug_aranges
                0x00000000       0x30 ./Core/Src/main.o
 .debug_aranges
                0x00000030       0x28 ./Core/Src/system_stm32f4xx.o
 .debug_aranges
                0x00000058       0x28 ./Core/Startup/startup_stm32f411vetx.o
 .debug_aranges
                0x00000080       0x40 ./FreeRTOS-Kernel/list.o
 .debug_aranges
                0x000000c0      0x140 ./FreeRTOS-Kernel/queue.o
 .debug_aranges
                0x00000200      0x228 ./FreeRTOS-Kernel/tasks.o
 .debug_aranges
                0x00000428       0xf8 ./FreeRTOS-Kernel/timers.o
 .debug_aranges
                0x00000520       0x80 ./FreeRTOS-Kernel/portable/GCC/ARM_CM4F/port.o
 .debug_aranges
                0x000005a0       0x70 ./FreeRTOS-Kernel/portable/MemMang/heap_4.o

.debug_rnglists
                0x00000000      0x4ac
 .debug_rnglists
                0x00000000       0x20 ./Core/Src/main.o
 .debug_rnglists
                0x00000020       0x1a ./Core/Src/system_stm32f4xx.o
 .debug_rnglists
                0x0000003a       0x19 ./Core/Startup/startup_stm32f411vetx.o
 .debug_rnglists
                0x00000053       0x2b ./FreeRTOS-Kernel/list.o
 .debug_rnglists
                0x0000007e       0xf9 ./FreeRTOS-Kernel/queue.o
 .debug_rnglists
                0x00000177      0x1cb ./FreeRTOS-Kernel/tasks.o
 .debug_rnglists
                0x00000342       0xb9 ./FreeRTOS-Kernel/timers.o
 .debug_rnglists
                0x000003fb       0x5d ./FreeRTOS-Kernel/portable/GCC/ARM_CM4F/port.o
 .debug_rnglists
                0x00000458       0x54 ./FreeRTOS-Kernel/portable/MemMang/heap_4.o

.debug_macro    0x00000000     0x3857
 .debug_macro   0x00000000       0xeb ./Core/Src/main.o
 .debug_macro   0x000000eb      0xab4 ./Core/Src/main.o
 .debug_macro   0x00000b9f       0x22 ./Core/Src/main.o
 .debug_macro   0x00000bc1       0x8e ./Core/Src/main.o
 .debug_macro   0x00000c4f       0x51 ./Core/Src/main.o
 .debug_macro   0x00000ca0      0x103 ./Core/Src/main.o
 .debug_macro   0x00000da3       0x6a ./Core/Src/main.o
 .debug_macro   0x00000e0d      0x1df ./Core/Src/main.o
 .debug_macro   0x00000fec      0x189 ./Core/Src/main.o
 .debug_macro   0x00001175       0x16 ./Core/Src/main.o
 .debug_macro   0x0000118b      0x106 ./Core/Src/main.o
 .debug_macro   0x00001291       0x22 ./Core/Src/main.o
 .debug_macro   0x000012b3      0x182 ./Core/Src/main.o
 .debug_macro   0x00001435       0xee ./Core/Src/main.o
 .debug_macro   0x00001523       0x3a ./Core/Src/main.o
 .debug_macro   0x0000155d       0x1f ./Core/Src/main.o
 .debug_macro   0x0000157c       0x12 ./Core/Src/main.o
 .debug_macro   0x0000158e     0x1104 ./Core/Src/main.o
 .debug_macro   0x00002692       0xc3 ./Core/Src/main.o
 .debug_macro   0x00002755      0x14f ./Core/Src/main.o
 .debug_macro   0x000028a4      0x1b0 ./Core/Src/system_stm32f4xx.o
 .debug_macro   0x00002a54      0x1a2 ./FreeRTOS-Kernel/list.o
 .debug_macro   0x00002bf6      0x239 ./FreeRTOS-Kernel/queue.o
 .debug_macro   0x00002e2f       0x16 ./FreeRTOS-Kernel/queue.o
 .debug_macro   0x00002e45       0x20 ./FreeRTOS-Kernel/queue.o
 .debug_macro   0x00002e65       0x80 ./FreeRTOS-Kernel/queue.o
 .debug_macro   0x00002ee5      0x2c6 ./FreeRTOS-Kernel/tasks.o
 .debug_macro   0x000031ab       0x17 ./FreeRTOS-Kernel/tasks.o
 .debug_macro   0x000031c2      0x1f1 ./FreeRTOS-Kernel/timers.o
 .debug_macro   0x000033b3       0x9e ./FreeRTOS-Kernel/timers.o
 .debug_macro   0x00003451      0x1cf ./FreeRTOS-Kernel/portable/GCC/ARM_CM4F/port.o
 .debug_macro   0x00003620      0x237 ./FreeRTOS-Kernel/portable/MemMang/heap_4.o

.debug_line     0x00000000     0x6f16
 .debug_line    0x00000000      0x5b6 ./Core/Src/main.o
 .debug_line    0x000005b6      0x78a ./Core/Src/system_stm32f4xx.o
 .debug_line    0x00000d40       0x7a ./Core/Startup/startup_stm32f411vetx.o
 .debug_line    0x00000dba      0x783 ./FreeRTOS-Kernel/list.o
 .debug_line    0x0000153d     0x16ee ./FreeRTOS-Kernel/queue.o
 .debug_line    0x00002c2b     0x218e ./FreeRTOS-Kernel/tasks.o
 .debug_line    0x00004db9      0xd59 ./FreeRTOS-Kernel/timers.o
 .debug_line    0x00005b12      0x8bb ./FreeRTOS-Kernel/portable/GCC/ARM_CM4F/port.o
 .debug_line    0x000063cd      0xb49 ./FreeRTOS-Kernel/portable/MemMang/heap_4.o

.debug_str      0x00000000    0x909b4
 .debug_str     0x00000000     0xeb58 ./Core/Src/main.o
                               0xed87 (size before relaxing)
 .debug_str     0x0000eb58    0x7a0fb ./Core/Src/system_stm32f4xx.o
                              0x7e1dd (size before relaxing)
 .debug_str     0x00088c53       0x44 ./Core/Startup/startup_stm32f411vetx.o
                                 0x5f (size before relaxing)
 .debug_str     0x00088c97     0x331a ./FreeRTOS-Kernel/list.o
                              0x10b6f (size before relaxing)
 .debug_str     0x0008bfb1     0x14a4 ./FreeRTOS-Kernel/queue.o
                              0x134be (size before relaxing)
 .debug_str     0x0008d455     0x2026 ./FreeRTOS-Kernel/tasks.o
                              0x143fc (size before relaxing)
 .debug_str     0x0008f47b      0x535 ./FreeRTOS-Kernel/timers.o
                              0x1376d (size before relaxing)
 .debug_str     0x0008f9b0      0x8cb ./FreeRTOS-Kernel/portable/GCC/ARM_CM4F/port.o
                               0xf6b1 (size before relaxing)
 .debug_str     0x0009027b      0x739 ./FreeRTOS-Kernel/portable/MemMang/heap_4.o
                              0x12701 (size before relaxing)

.comment        0x00000000       0x43
 .comment       0x00000000       0x43 ./Core/Src/main.o
                                 0x44 (size before relaxing)
 .comment       0x00000043       0x44 ./Core/Src/system_stm32f4xx.o
 .comment       0x00000043       0x44 ./FreeRTOS-Kernel/list.o
 .comment       0x00000043       0x44 ./FreeRTOS-Kernel/queue.o
 .comment       0x00000043       0x44 ./FreeRTOS-Kernel/tasks.o
 .comment       0x00000043       0x44 ./FreeRTOS-Kernel/timers.o
 .comment       0x00000043       0x44 ./FreeRTOS-Kernel/portable/GCC/ARM_CM4F/port.o
 .comment       0x00000043       0x44 ./FreeRTOS-Kernel/portable/MemMang/heap_4.o

.debug_frame    0x00000000     0x186c
 .debug_frame   0x00000000       0x70 ./Core/Src/main.o
 .debug_frame   0x00000070       0x58 ./Core/Src/system_stm32f4xx.o
 .debug_frame   0x000000c8       0xd8 ./FreeRTOS-Kernel/list.o
 .debug_frame   0x000001a0      0x580 ./FreeRTOS-Kernel/queue.o
 .debug_frame   0x00000720      0x990 ./FreeRTOS-Kernel/tasks.o
 .debug_frame   0x000010b0      0x40c ./FreeRTOS-Kernel/timers.o
 .debug_frame   0x000014bc      0x1a8 ./FreeRTOS-Kernel/portable/GCC/ARM_CM4F/port.o
 .debug_frame   0x00001664      0x194 ./FreeRTOS-Kernel/portable/MemMang/heap_4.o
 .debug_frame   0x000017f8       0x20 C:/ST/STM32CubeIDE_1.16.1/STM32CubeIDE/plugins/com.st.stm32cube.ide.mcu.externaltools.gnu-tools-for-stm32.12.3.rel1.win32_1.0.200.202406191623/tools/bin/../lib/gcc/arm-none-eabi/12.3.1/../../../../arm-none-eabi/lib/thumb/v7e-m+fp/hard\libc_nano.a(libc_a-memset.o)
 .debug_frame   0x00001818       0x2c C:/ST/STM32CubeIDE_1.16.1/STM32CubeIDE/plugins/com.st.stm32cube.ide.mcu.externaltools.gnu-tools-for-stm32.12.3.rel1.win32_1.0.200.202406191623/tools/bin/../lib/gcc/arm-none-eabi/12.3.1/../../../../arm-none-eabi/lib/thumb/v7e-m+fp/hard\libc_nano.a(libc_a-init.o)
 .debug_frame   0x00001844       0x28 C:/ST/STM32CubeIDE_1.16.1/STM32CubeIDE/plugins/com.st.stm32cube.ide.mcu.externaltools.gnu-tools-for-stm32.12.3.rel1.win32_1.0.200.202406191623/tools/bin/../lib/gcc/arm-none-eabi/12.3.1/../../../../arm-none-eabi/lib/thumb/v7e-m+fp/hard\libc_nano.a(libc_a-memcpy-stub.o)

.debug_line_str
                0x00000000       0x43
 .debug_line_str
                0x00000000       0x43 ./Core/Startup/startup_stm32f411vetx.o
